[soak] duration=900s cycle=60s results=results/soak-final2
[soak] scheduler state=enabled
[soak] cycle 1 2026-10-01T19:09:54+00:00
[soak] cycle 2 2026-10-01T19:10:12+00:00
[soak] cycle 3 2026-10-01T19:10:31+00:00
[soak] cycle 4 2026-10-01T19:10:49+00:00
[soak] cycle 5 2026-10-01T19:11:08+00:00
[soak] cycle 6 2026-10-01T19:11:26+00:00
[soak] cycle 7 2026-10-01T19:11:44+00:00
[soak] cycle 8 2026-10-01T19:12:03+00:00
[soak] cycle 9 2026-10-01T19:12:22+00:00
[soak] cycle 10 2026-10-01T19:12:40+00:00
[soak] cycle 11 2026-10-01T19:12:58+00:00
[soak] cycle 12 2026-10-01T19:13:16+00:00
[soak] cycle 13 2026-10-01T19:13:35+00:00
[soak] cycle 14 2026-10-01T19:13:53+00:00
[soak] cycle 15 2026-10-01T19:14:11+00:00
[soak] cycle 16 2026-10-01T19:14:29+00:00
[soak] cycle 17 2026-10-01T19:14:48+00:00
[soak] cycle 18 2026-10-01T19:15:07+00:00
[soak] cycle 19 2026-10-01T19:15:25+00:00
[soak] cycle 20 2026-10-01T19:15:43+00:00
[soak] cycle 21 2026-10-01T19:16:02+00:00
[soak] cycle 22 2026-10-01T19:16:20+00:00
[soak] cycle 23 2026-10-01T19:16:39+00:00
[soak] cycle 24 2026-10-01T19:16:57+00:00
[soak] cycle 25 2026-10-01T19:17:16+00:00
[soak] cycle 26 2026-10-01T19:17:34+00:00
[soak] cycle 27 2026-10-01T19:17:53+00:00
[soak] cycle 28 2026-10-01T19:18:11+00:00
[soak] cycle 29 2026-10-01T19:18:29+00:00
[soak] cycle 30 2026-10-01T19:18:48+00:00
[soak] cycle 31 2026-10-01T19:19:06+00:00
[soak] cycle 32 2026-10-01T19:19:25+00:00
[soak] cycle 33 2026-10-01T19:19:44+00:00
[soak] cycle 34 2026-10-01T19:20:02+00:00
[soak] cycle 35 2026-10-01T19:20:21+00:00
[soak] cycle 36 2026-10-01T19:20:39+00:00
[soak] cycle 37 2026-10-01T19:20:58+00:00
[soak] cycle 38 2026-10-01T19:21:16+00:00
[soak] cycle 39 2026-10-01T19:21:34+00:00
[soak] cycle 40 2026-10-01T19:21:52+00:00
[soak] cycle 41 2026-10-01T19:22:11+00:00
[soak] cycle 42 2026-10-01T19:22:29+00:00
[soak] cycle 43 2026-10-01T19:22:47+00:00
[soak] cycle 44 2026-10-01T19:23:05+00:00
[soak] cycle 45 2026-10-01T19:23:24+00:00
[soak] cycle 46 2026-10-01T19:23:43+00:00
[soak] cycle 47 2026-10-01T19:24:02+00:00
[soak] cycle 48 2026-10-01T19:24:20+00:00
[soak] cycle 49 2026-10-01T19:24:38+00:00
[soak] cycles=49 errors=0 watchdog_hits=0
[soak] final state=enabled
[soak] SOAK PASS
