[soak] duration=900s cycle=60s results=results/soak-frozen
[soak] scheduler state=enabled
[soak] cycle 1 2026-10-04T06:48:22+00:00
[soak] cycle 2 2026-10-04T06:48:40+00:00
[soak] cycle 3 2026-10-04T06:48:59+00:00
[soak] cycle 4 2026-10-04T06:49:18+00:00
[soak] cycle 5 2026-10-04T06:49:36+00:00
[soak] cycle 6 2026-10-04T06:49:54+00:00
[soak] cycle 7 2026-10-04T06:50:12+00:00
[soak] cycle 8 2026-10-04T06:50:31+00:00
[soak] cycle 9 2026-10-04T06:50:49+00:00
[soak] cycle 10 2026-10-04T06:51:08+00:00
[soak] cycle 11 2026-10-04T06:51:26+00:00
[soak] cycle 12 2026-10-04T06:51:44+00:00
[soak] cycle 13 2026-10-04T06:52:03+00:00
[soak] cycle 14 2026-10-04T06:52:21+00:00
[soak] cycle 15 2026-10-04T06:52:40+00:00
[soak] cycle 16 2026-10-04T06:52:58+00:00
[soak] cycle 17 2026-10-04T06:53:16+00:00
[soak] cycle 18 2026-10-04T06:53:35+00:00
[soak] cycle 19 2026-10-04T06:53:53+00:00
[soak] cycle 20 2026-10-04T06:54:12+00:00
[soak] cycle 21 2026-10-04T06:54:30+00:00
[soak] cycle 22 2026-10-04T06:54:49+00:00
[soak] cycle 23 2026-10-04T06:55:07+00:00
[soak] cycle 24 2026-10-04T06:55:25+00:00
[soak] cycle 25 2026-10-04T06:55:44+00:00
[soak] cycle 26 2026-10-04T06:56:03+00:00
[soak] cycle 27 2026-10-04T06:56:21+00:00
[soak] cycle 28 2026-10-04T06:56:40+00:00
[soak] cycle 29 2026-10-04T06:56:58+00:00
[soak] cycle 30 2026-10-04T06:57:17+00:00
[soak] cycle 31 2026-10-04T06:57:35+00:00
[soak] cycle 32 2026-10-04T06:57:54+00:00
[soak] cycle 33 2026-10-04T06:58:12+00:00
[soak] cycle 34 2026-10-04T06:58:31+00:00
[soak] cycle 35 2026-10-04T06:58:49+00:00
[soak] cycle 36 2026-10-04T06:59:08+00:00
[soak] cycle 37 2026-10-04T06:59:26+00:00
[soak] cycle 38 2026-10-04T06:59:45+00:00
[soak] cycle 39 2026-10-04T07:00:03+00:00
[soak] cycle 40 2026-10-04T07:00:22+00:00
[soak] cycle 41 2026-10-04T07:00:41+00:00
[soak] cycle 42 2026-10-04T07:00:59+00:00
[soak] cycle 43 2026-10-04T07:01:17+00:00
[soak] cycle 44 2026-10-04T07:01:36+00:00
[soak] cycle 45 2026-10-04T07:01:54+00:00
[soak] cycle 46 2026-10-04T07:02:13+00:00
[soak] cycle 47 2026-10-04T07:02:31+00:00
[soak] cycle 48 2026-10-04T07:02:50+00:00
[soak] cycle 49 2026-10-04T07:03:08+00:00
[soak] cycles=49 errors=0 watchdog_hits=0
[soak] final state=enabled
[soak] post-stop state=disabled
[soak] SOAK PASS
